Archive member included because of file (symbol)

c:/winavr-20100110/bin/../lib/gcc/avr/4.3.3/avr5\libgcc.a(_udivmodsi4.o)
                              ./MCAL/UART/UART.o (__udivmodsi4)
c:/winavr-20100110/bin/../lib/gcc/avr/4.3.3/avr5\libgcc.a(_exit.o)
                              c:/winavr-20100110/bin/../lib/gcc/avr/4.3.3/../../../../avr/lib/avr5/crtm32.o (exit)
c:/winavr-20100110/bin/../lib/gcc/avr/4.3.3/avr5\libgcc.a(_copy_data.o)
                              ./MCAL/UART/UART.o (__do_copy_data)
c:/winavr-20100110/bin/../lib/gcc/avr/4.3.3/avr5\libgcc.a(_clear_bss.o)
                              ./MCAL/UART/UART.o (__do_clear_bss)

Memory Configuration

Name             Origin             Length             Attributes
text             0x00000000         0x00020000         xr
data             0x00800060         0x0000ffa0         rw !x
eeprom           0x00810000         0x00010000         rw !x
fuse             0x00820000         0x00000400         rw !x
lock             0x00830000         0x00000400         rw !x
signature        0x00840000         0x00000400         rw !x
fram             0x00850000         0x00000400         rw !x
*default*        0x00000000         0xffffffff

Linker script and memory map

LOAD c:/winavr-20100110/bin/../lib/gcc/avr/4.3.3/../../../../avr/lib/avr5/crtm32.o
LOAD ./MCAL/UART/UART.o
LOAD ./MCAL/SPI/SPI_Driver.o
LOAD ./MCAL/DIO/DIO_driver.o
LOAD ./APP_MC1/AVR_MC1.o
LOAD ./APP_MC1/PBConfg.o
LOAD ./APP_MC1/main.o
LOAD c:/winavr-20100110/bin/../lib/gcc/avr/4.3.3/avr5\libgcc.a
LOAD c:/winavr-20100110/bin/../lib/gcc/avr/4.3.3/../../../../avr/lib/avr5\libc.a
LOAD c:/winavr-20100110/bin/../lib/gcc/avr/4.3.3/avr5\libgcc.a

.hash
 *(.hash)

.dynsym
 *(.dynsym)

.dynstr
 *(.dynstr)

.gnu.version
 *(.gnu.version)

.gnu.version_d
 *(.gnu.version_d)

.gnu.version_r
 *(.gnu.version_r)

.rel.init
 *(.rel.init)

.rela.init
 *(.rela.init)

.rel.text
 *(.rel.text)
 *(.rel.text.*)
 *(.rel.gnu.linkonce.t*)

.rela.text
 *(.rela.text)
 *(.rela.text.*)
 *(.rela.gnu.linkonce.t*)

.rel.fini
 *(.rel.fini)

.rela.fini
 *(.rela.fini)

.rel.rodata
 *(.rel.rodata)
 *(.rel.rodata.*)
 *(.rel.gnu.linkonce.r*)

.rela.rodata
 *(.rela.rodata)
 *(.rela.rodata.*)
 *(.rela.gnu.linkonce.r*)

.rel.data
 *(.rel.data)
 *(.rel.data.*)
 *(.rel.gnu.linkonce.d*)

.rela.data
 *(.rela.data)
 *(.rela.data.*)
 *(.rela.gnu.linkonce.d*)

.rel.ctors
 *(.rel.ctors)

.rela.ctors
 *(.rela.ctors)

.rel.dtors
 *(.rel.dtors)

.rela.dtors
 *(.rela.dtors)

.rel.got
 *(.rel.got)

.rela.got
 *(.rela.got)

.rel.bss
 *(.rel.bss)

.rela.bss
 *(.rela.bss)

.rel.plt
 *(.rel.plt)

.rela.plt
 *(.rela.plt)

.text           0x00000000     0x149a
 *(.vectors)
 .vectors       0x00000000       0x54 c:/winavr-20100110/bin/../lib/gcc/avr/4.3.3/../../../../avr/lib/avr5/crtm32.o
                0x00000000                __vectors
                0x00000000                __vector_default
 *(.vectors)
 *(.progmem.gcc*)
 *(.progmem*)
                0x00000054                . = ALIGN (0x2)
                0x00000054                __trampolines_start = .
 *(.trampolines)
 .trampolines   0x00000054        0x0 linker stubs
 *(.trampolines*)
                0x00000054                __trampolines_end = .
 *(.jumptables)
 *(.jumptables*)
 *(.lowtext)
 *(.lowtext*)
                0x00000054                __ctors_start = .
 *(.ctors)
                0x00000054                __ctors_end = .
                0x00000054                __dtors_start = .
 *(.dtors)
                0x00000054                __dtors_end = .
 SORT(*)(.ctors)
 SORT(*)(.dtors)
 *(.init0)
 .init0         0x00000054        0x0 c:/winavr-20100110/bin/../lib/gcc/avr/4.3.3/../../../../avr/lib/avr5/crtm32.o
                0x00000054                __init
 *(.init0)
 *(.init1)
 *(.init1)
 *(.init2)
 .init2         0x00000054        0xc c:/winavr-20100110/bin/../lib/gcc/avr/4.3.3/../../../../avr/lib/avr5/crtm32.o
 *(.init2)
 *(.init3)
 *(.init3)
 *(.init4)
 .init4         0x00000060       0x16 c:/winavr-20100110/bin/../lib/gcc/avr/4.3.3/avr5\libgcc.a(_copy_data.o)
                0x00000060                __do_copy_data
 .init4         0x00000076       0x10 c:/winavr-20100110/bin/../lib/gcc/avr/4.3.3/avr5\libgcc.a(_clear_bss.o)
                0x00000076                __do_clear_bss
 *(.init4)
 *(.init5)
 *(.init5)
 *(.init6)
 *(.init6)
 *(.init7)
 *(.init7)
 *(.init8)
 *(.init8)
 *(.init9)
 .init9         0x00000086        0x8 c:/winavr-20100110/bin/../lib/gcc/avr/4.3.3/../../../../avr/lib/avr5/crtm32.o
 *(.init9)
 *(.text)
 .text          0x0000008e        0x4 c:/winavr-20100110/bin/../lib/gcc/avr/4.3.3/../../../../avr/lib/avr5/crtm32.o
                0x0000008e                __vector_1
                0x0000008e                __bad_interrupt
                0x0000008e                __vector_6
                0x0000008e                __vector_11
                0x0000008e                __vector_17
                0x0000008e                __vector_19
                0x0000008e                __vector_7
                0x0000008e                __vector_5
                0x0000008e                __vector_4
                0x0000008e                __vector_9
                0x0000008e                __vector_15
                0x0000008e                __vector_8
                0x0000008e                __vector_10
                0x0000008e                __vector_16
                0x0000008e                __vector_18
                0x0000008e                __vector_20
 .text          0x00000092        0x0 ./MCAL/UART/UART.o
 .text          0x00000092        0x0 ./MCAL/SPI/SPI_Driver.o
 .text          0x00000092        0x0 ./MCAL/DIO/DIO_driver.o
 .text          0x00000092        0x0 ./APP_MC1/AVR_MC1.o
 .text          0x00000092        0x0 ./APP_MC1/PBConfg.o
 .text          0x00000092        0x0 ./APP_MC1/main.o
 .text          0x00000092        0x0 c:/winavr-20100110/bin/../lib/gcc/avr/4.3.3/avr5\libgcc.a(_udivmodsi4.o)
 .text          0x00000092        0x0 c:/winavr-20100110/bin/../lib/gcc/avr/4.3.3/avr5\libgcc.a(_exit.o)
 .text          0x00000092        0x0 c:/winavr-20100110/bin/../lib/gcc/avr/4.3.3/avr5\libgcc.a(_copy_data.o)
 .text          0x00000092        0x0 c:/winavr-20100110/bin/../lib/gcc/avr/4.3.3/avr5\libgcc.a(_clear_bss.o)
                0x00000092                . = ALIGN (0x2)
 *(.text.*)
 .text.UART_Init
                0x00000092      0x1fa ./MCAL/UART/UART.o
                0x00000092                UART_Init
 .text.UART_Send_Byte
                0x0000028c       0x60 ./MCAL/UART/UART.o
                0x0000028c                UART_Send_Byte
 .text.UART_Receive_Byte
                0x000002ec       0x5a ./MCAL/UART/UART.o
                0x000002ec                UART_Receive_Byte
 .text.__vector_14
                0x00000346       0x4c ./MCAL/UART/UART.o
                0x00000346                __vector_14
 .text.SPI_Init
                0x00000392      0x248 ./MCAL/SPI/SPI_Driver.o
                0x00000392                SPI_Init
 .text.SPI_SendByte
                0x000005da       0x78 ./MCAL/SPI/SPI_Driver.o
                0x000005da                SPI_SendByte
 .text.SPI_RecieveByte
                0x00000652       0x84 ./MCAL/SPI/SPI_Driver.o
                0x00000652                SPI_RecieveByte
 .text.__vector_12
                0x000006d6       0x6c ./MCAL/SPI/SPI_Driver.o
                0x000006d6                __vector_12
 .text.DIO_INIT_Pin
                0x00000742      0x1e8 ./MCAL/DIO/DIO_driver.o
                0x00000742                DIO_INIT_Pin
 .text.DIO_INIT_PORT
                0x0000092a       0xba ./MCAL/DIO/DIO_driver.o
                0x0000092a                DIO_INIT_PORT
 .text.DIO_Write_pin
                0x000009e4      0x1e8 ./MCAL/DIO/DIO_driver.o
                0x000009e4                DIO_Write_pin
 .text.DIO_Read_Pin
                0x00000bcc      0x1e0 ./MCAL/DIO/DIO_driver.o
                0x00000bcc                DIO_Read_Pin
 .text.DIO_Write_Port
                0x00000dac       0x6a ./MCAL/DIO/DIO_driver.o
                0x00000dac                DIO_Write_Port
 .text.DIO_Read_Port
                0x00000e16       0x7e ./MCAL/DIO/DIO_driver.o
                0x00000e16                DIO_Read_Port
 .text.DIO_Activate_Pullup
                0x00000e94      0x10c ./MCAL/DIO/DIO_driver.o
                0x00000e94                DIO_Activate_Pullup
 .text.DIO_Diactivate_Pullup
                0x00000fa0      0x114 ./MCAL/DIO/DIO_driver.o
                0x00000fa0                DIO_Diactivate_Pullup
 .text.System_one_Init
                0x000010b4      0x1b0 ./APP_MC1/AVR_MC1.o
                0x000010b4                System_one_Init
 .text.System_Dispatch
                0x00001264       0xf0 ./APP_MC1/AVR_MC1.o
                0x00001264                System_Dispatch
 .text.__vector_13
                0x00001354       0x68 ./APP_MC1/AVR_MC1.o
                0x00001354                __vector_13
 .text.__vector_3
                0x000013bc       0x3c ./APP_MC1/AVR_MC1.o
                0x000013bc                __vector_3
 .text.__vector_2
                0x000013f8       0x3c ./APP_MC1/AVR_MC1.o
                0x000013f8                __vector_2
 .text.main     0x00001434       0x1e ./APP_MC1/main.o
                0x00001434                main
 .text.libgcc   0x00001452       0x44 c:/winavr-20100110/bin/../lib/gcc/avr/4.3.3/avr5\libgcc.a(_udivmodsi4.o)
                0x00001452                __udivmodsi4
 .text.libgcc   0x00001496        0x0 c:/winavr-20100110/bin/../lib/gcc/avr/4.3.3/avr5\libgcc.a(_exit.o)
 .text.libgcc   0x00001496        0x0 c:/winavr-20100110/bin/../lib/gcc/avr/4.3.3/avr5\libgcc.a(_copy_data.o)
 .text.libgcc   0x00001496        0x0 c:/winavr-20100110/bin/../lib/gcc/avr/4.3.3/avr5\libgcc.a(_clear_bss.o)
                0x00001496                . = ALIGN (0x2)
 *(.fini9)
 .fini9         0x00001496        0x0 c:/winavr-20100110/bin/../lib/gcc/avr/4.3.3/avr5\libgcc.a(_exit.o)
                0x00001496                exit
                0x00001496                _exit
 *(.fini9)
 *(.fini8)
 *(.fini8)
 *(.fini7)
 *(.fini7)
 *(.fini6)
 *(.fini6)
 *(.fini5)
 *(.fini5)
 *(.fini4)
 *(.fini4)
 *(.fini3)
 *(.fini3)
 *(.fini2)
 *(.fini2)
 *(.fini1)
 *(.fini1)
 *(.fini0)
 .fini0         0x00001496        0x4 c:/winavr-20100110/bin/../lib/gcc/avr/4.3.3/avr5\libgcc.a(_exit.o)
 *(.fini0)
                0x0000149a                _etext = .

.data           0x00800060       0x1c load address 0x0000149a
                0x00800060                PROVIDE (__data_start, .)
 *(.data)
 .data          0x00800060        0x0 c:/winavr-20100110/bin/../lib/gcc/avr/4.3.3/../../../../avr/lib/avr5/crtm32.o
 .data          0x00800060        0x0 ./MCAL/UART/UART.o
 .data          0x00800060        0x0 ./MCAL/SPI/SPI_Driver.o
 .data          0x00800060        0x0 ./MCAL/DIO/DIO_driver.o
 .data          0x00800060        0x0 ./APP_MC1/AVR_MC1.o
 .data          0x00800060        0x0 ./APP_MC1/PBConfg.o
 .data          0x00800060        0x0 ./APP_MC1/main.o
 .data          0x00800060        0x0 c:/winavr-20100110/bin/../lib/gcc/avr/4.3.3/avr5\libgcc.a(_udivmodsi4.o)
 .data          0x00800060        0x0 c:/winavr-20100110/bin/../lib/gcc/avr/4.3.3/avr5\libgcc.a(_exit.o)
 .data          0x00800060        0x0 c:/winavr-20100110/bin/../lib/gcc/avr/4.3.3/avr5\libgcc.a(_copy_data.o)
 .data          0x00800060        0x0 c:/winavr-20100110/bin/../lib/gcc/avr/4.3.3/avr5\libgcc.a(_clear_bss.o)
 *(.data*)
 .data.gu8Is_UART_initialized
                0x00800060        0x1 ./MCAL/UART/UART.o
 .data.gu32Minimum_baudrate
                0x00800061        0x4 ./MCAL/UART/UART.o
 .data.gu32Maximum_baudrate
                0x00800065        0x4 ./MCAL/UART/UART.o
 .data.gu8_Interrupt_Flag
                0x00800069        0x1 ./MCAL/SPI/SPI_Driver.o
 .data.str_UART_sys_one
                0x0080006a        0x6 ./APP_MC1/PBConfg.o
                0x0080006a                str_UART_sys_one
 .data.str_SPI_sys_one
                0x00800070        0x5 ./APP_MC1/PBConfg.o
                0x00800070                str_SPI_sys_one
 .data.str_config
                0x00800075        0x6 ./APP_MC1/PBConfg.o
                0x00800075                str_config
 *(.rodata)
 *(.rodata*)
 *(.gnu.linkonce.d*)
                0x0080007c                . = ALIGN (0x2)
 *fill*         0x0080007b        0x1 00
                0x0080007c                _edata = .
                0x0080007c                PROVIDE (__data_end, .)

.bss            0x0080007c        0xc
                0x0080007c                PROVIDE (__bss_start, .)
 *(.bss)
 .bss           0x0080007c        0x0 c:/winavr-20100110/bin/../lib/gcc/avr/4.3.3/../../../../avr/lib/avr5/crtm32.o
 .bss           0x0080007c        0x0 ./MCAL/UART/UART.o
 .bss           0x0080007c        0x0 ./MCAL/SPI/SPI_Driver.o
 .bss           0x0080007c        0x0 ./MCAL/DIO/DIO_driver.o
 .bss           0x0080007c        0x0 ./APP_MC1/AVR_MC1.o
 .bss           0x0080007c        0x0 ./APP_MC1/PBConfg.o
 .bss           0x0080007c        0x0 ./APP_MC1/main.o
 .bss           0x0080007c        0x0 c:/winavr-20100110/bin/../lib/gcc/avr/4.3.3/avr5\libgcc.a(_udivmodsi4.o)
 .bss           0x0080007c        0x0 c:/winavr-20100110/bin/../lib/gcc/avr/4.3.3/avr5\libgcc.a(_exit.o)
 .bss           0x0080007c        0x0 c:/winavr-20100110/bin/../lib/gcc/avr/4.3.3/avr5\libgcc.a(_copy_data.o)
 .bss           0x0080007c        0x0 c:/winavr-20100110/bin/../lib/gcc/avr/4.3.3/avr5\libgcc.a(_clear_bss.o)
 *(.bss*)
 .bss.gu8Operation_mode
                0x0080007c        0x1 ./MCAL/UART/UART.o
 .bss.gu8Interrupt_mode
                0x0080007d        0x1 ./MCAL/UART/UART.o
 .bss.gu8Sent_data
                0x0080007e        0x1 ./MCAL/UART/UART.o
 .bss.gu8_Interrupt_Mode
                0x0080007f        0x1 ./MCAL/SPI/SPI_Driver.o
 .bss.gu8_Init_Speed
                0x00800080        0x4 ./APP_MC1/AVR_MC1.o
 .bss.gu8_Dispatch_status
                0x00800084        0x1 ./APP_MC1/AVR_MC1.o
 .bss.gu8_sw1_flag
                0x00800085        0x1 ./APP_MC1/AVR_MC1.o
 .bss.gu8_sw2_flag
                0x00800086        0x1 ./APP_MC1/AVR_MC1.o
 .bss.gu8_UART_Flag
                0x00800087        0x1 ./APP_MC1/AVR_MC1.o
 *(COMMON)
                0x00800088                PROVIDE (__bss_end, .)
                0x0000149a                __data_load_start = LOADADDR (.data)
                0x000014b6                __data_load_end = (__data_load_start + SIZEOF (.data))

.noinit         0x00800088        0x0
                0x00800088                PROVIDE (__noinit_start, .)
 *(.noinit*)
                0x00800088                PROVIDE (__noinit_end, .)
                0x00800088                _end = .
                0x00800088                PROVIDE (__heap_start, .)

.eeprom         0x00810000        0x0
 *(.eeprom*)
                0x00810000                __eeprom_end = .

.fuse
 *(.fuse)
 *(.lfuse)
 *(.hfuse)
 *(.efuse)

.lock
 *(.lock*)

.signature
 *(.signature*)

.fram
 *(.fram*)

.stab           0x00000000     0x2328
 *(.stab)
 .stab          0x00000000      0x744 ./MCAL/UART/UART.o
 .stab          0x00000744      0x8e8 ./MCAL/SPI/SPI_Driver.o
                                0x930 (size before relaxing)
 .stab          0x0000102c      0xa68 ./MCAL/DIO/DIO_driver.o
                                0xa74 (size before relaxing)
 .stab          0x00001a94      0x57c ./APP_MC1/AVR_MC1.o
                                0x798 (size before relaxing)
 .stab          0x00002010      0x18c ./APP_MC1/PBConfg.o
                                0x408 (size before relaxing)
 .stab          0x0000219c      0x18c ./APP_MC1/main.o
                                0x408 (size before relaxing)

.stabstr        0x00000000     0x14aa
 *(.stabstr)
 .stabstr       0x00000000     0x14aa ./MCAL/UART/UART.o

.stab.excl
 *(.stab.excl)

.stab.exclstr
 *(.stab.exclstr)

.stab.index
 *(.stab.index)

.stab.indexstr
 *(.stab.indexstr)

.comment
 *(.comment)

.debug
 *(.debug)

.line
 *(.line)

.debug_srcinfo
 *(.debug_srcinfo)

.debug_sfnames
 *(.debug_sfnames)

.debug_aranges
 *(.debug_aranges)

.debug_pubnames
 *(.debug_pubnames)

.debug_info
 *(.debug_info)
 *(.gnu.linkonce.wi.*)

.debug_abbrev
 *(.debug_abbrev)

.debug_line
 *(.debug_line)

.debug_frame
 *(.debug_frame)

.debug_str
 *(.debug_str)

.debug_loc
 *(.debug_loc)

.debug_macinfo
 *(.debug_macinfo)
OUTPUT(Vehicle_State_Estimator.elf elf32-avr)
LOAD linker stubs
